[d_model 16] seed 3
  epoch  1  train loss 0.9140  val RMSE 73.75  MAE 60.21
  epoch  2  train loss 0.7141  val RMSE 73.53  MAE 59.95
  epoch  3  train loss 0.6846  val RMSE 72.61  MAE 58.84
  epoch  4  train loss 0.6753  val RMSE 73.30  MAE 59.71
  epoch  5  train loss 0.6706  val RMSE 73.37  MAE 59.77
  epoch  6  train loss 0.6698  val RMSE 73.26  MAE 59.64
  -> val RMSE 72.61  test RMSE 62.37  P=6625  E=6
[d_model 16] seed 4
  epoch  1  train loss 0.8696  val RMSE 70.62  MAE 56.71
  epoch  2  train loss 0.6901  val RMSE 70.10  MAE 56.79
  epoch  3  train loss 0.6606  val RMSE 70.77  MAE 57.71
  epoch  4  train loss 0.6512  val RMSE 70.00  MAE 56.84
  epoch  5  train loss 0.6457  val RMSE 70.36  MAE 57.33
  epoch  6  train loss 0.6443  val RMSE 70.28  MAE 57.21
  epoch  7  train loss 0.6449  val RMSE 70.17  MAE 57.06
  -> val RMSE 70.00  test RMSE 60.39  P=6625  E=7
[trend init decay] seed 0
  epoch  1  train loss 0.7807  val RMSE 71.17  MAE 57.61
  epoch  2  train loss 0.6409  val RMSE 71.21  MAE 57.72
  epoch  3  train loss 0.6208  val RMSE 71.72  MAE 58.31
  epoch  4  train loss 0.6131  val RMSE 71.65  MAE 58.23
  -> val RMSE 71.17  test RMSE 60.86  P=23490  E=4
[trend init decay] seed 1
  epoch  1  train loss 0.8049  val RMSE 70.97  MAE 57.00
  epoch  2  train loss 0.6534  val RMSE 71.32  MAE 57.92
  epoch  3  train loss 0.6303  val RMSE 71.07  MAE 57.76
  epoch  4  train loss 0.6201  val RMSE 70.26  MAE 57.03
  epoch  5  train loss 0.6140  val RMSE 70.22  MAE 57.03
  epoch  6  train loss 0.6111  val RMSE 70.23  MAE 57.00
  epoch  7  train loss 0.6098  val RMSE 70.60  MAE 57.45
  epoch  8  train loss 0.6102  val RMSE 70.43  MAE 57.26
  -> val RMSE 70.22  test RMSE 60.80  P=23490  E=8
[trend init decay] seed 2
  epoch  1  train loss 0.7881  val RMSE 67.72  MAE 54.60
  epoch  2  train loss 0.6214  val RMSE 70.14  MAE 57.38
  epoch  3  train loss 0.5939  val RMSE 67.98  MAE 55.12
  epoch  4  train loss 0.5837  val RMSE 67.38  MAE 54.38
  epoch  5  train loss 0.5807  val RMSE 68.45  MAE 55.54
  epoch  6  train loss 0.5781  val RMSE 68.27  MAE 55.39
  epoch  7  train loss 0.5775  val RMSE 68.55  MAE 55.61
  -> val RMSE 67.38  test RMSE 59.21  P=23490  E=7
[trend init decay] seed 3
  epoch  1  train loss 0.7520  val RMSE 71.87  MAE 58.54
  epoch  2  train loss 0.6137  val RMSE 69.21  MAE 55.34
  epoch  3  train loss 0.5907  val RMSE 69.65  MAE 55.60
  epoch  4  train loss 0.5812  val RMSE 69.02  MAE 55.06
  epoch  5  train loss 0.5764  val RMSE 68.85  MAE 54.88
  epoch  6  train loss 0.5755  val RMSE 69.45  MAE 55.59
  epoch  7  train loss 0.5733  val RMSE 69.60  MAE 55.72
  epoch  8  train loss 0.5725  val RMSE 69.51  MAE 55.66
  -> val RMSE 68.85  test RMSE 59.75  P=23490  E=8
[trend init decay] seed 4
  epoch  1  train loss 0.7506  val RMSE 68.65  MAE 55.29
  epoch  2  train loss 0.6185  val RMSE 71.96  MAE 59.09
  epoch  3  train loss 0.6048  val RMSE 73.16  MAE 60.53
  epoch  4  train loss 0.6005  val RMSE 71.07  MAE 58.14
  -> val RMSE 68.65  test RMSE 61.04  P=23490  E=4
[trend init learned] seed 0
  epoch  1  train loss 0.7814  val RMSE 71.20  MAE 57.37
  epoch  2  train loss 0.6414  val RMSE 70.47  MAE 56.74
  epoch  3  train loss 0.6214  val RMSE 71.16  MAE 57.90
  epoch  4  train loss 0.6126  val RMSE 71.41  MAE 58.21
  epoch  5  train loss 0.6076  val RMSE 71.13  MAE 57.86
  -> val RMSE 70.47  test RMSE 58.84  P=23657  E=5
[trend init learned] seed 1
  epoch  1  train loss 0.8062  val RMSE 72.56  MAE 58.62
  epoch  2  train loss 0.6558  val RMSE 71.70  MAE 58.24
  epoch  3  train loss 0.6290  val RMSE 71.51  MAE 57.88
  epoch  4  train loss 0.6207  val RMSE 70.12  MAE 56.48
  epoch  5  train loss 0.6147  val RMSE 70.85  MAE 57.30
  epoch  6  train loss 0.6126  val RMSE 70.41  MAE 56.81
  epoch  7  train loss 0.6114  val RMSE 71.00  MAE 57.50
  -> val RMSE 70.12  test RMSE 61.69  P=23657  E=7
[trend init learned] seed 2
  epoch  1  train loss 0.7883  val RMSE 67.73  MAE 54.75
  epoch  2  train loss 0.6256  val RMSE 67.24  MAE 54.11
  epoch  3  train loss 0.5970  val RMSE 67.69  MAE 54.58
  epoch  4  train loss 0.5840  val RMSE 67.48  MAE 54.43
  epoch  5  train loss 0.5778  val RMSE 67.29  MAE 54.36
  -> val RMSE 67.24  test RMSE 59.15  P=23657  E=5
[trend init learned] seed 3
  epoch  1  train loss 0.7574  val RMSE 70.74  MAE 57.38
  epoch  2  train loss 0.6244  val RMSE 72.96  MAE 59.63
  epoch  3  train loss 0.6033  val RMSE 70.52  MAE 56.97
  epoch  4  train loss 0.5952  val RMSE 70.92  MAE 57.45
  epoch  5  train loss 0.5906  val RMSE 70.18  MAE 56.72
  epoch  6  train loss 0.5889  val RMSE 70.16  MAE 56.74
  epoch  7  train loss 0.5872  val RMSE 70.80  MAE 57.48
  epoch  8  train loss 0.5859  val RMSE 70.96  MAE 57.65
  epoch  9  train loss 0.5871  val RMSE 70.90  MAE 57.57
  -> val RMSE 70.16  test RMSE 59.63  P=23657  E=9
[trend init learned] seed 4
  epoch  1  train loss 0.7528  val RMSE 68.18  MAE 54.57
  epoch  2  train loss 0.6203  val RMSE 71.90  MAE 58.89
  epoch  3  train loss 0.6015  val RMSE 71.17  MAE 58.12
  epoch  4  train loss 0.5940  val RMSE 70.53  MAE 57.44
  -> val RMSE 68.18  test RMSE 60.09  P=23657  E=4
[trend init decay, d_model 16] seed 0
  epoch  1  train loss 0.8621  val RMSE 70.00  MAE 56.33
  epoch  2  train loss 0.7221  val RMSE 71.88  MAE 58.47
  epoch  3  train loss 0.6844  val RMSE 74.20  MAE 61.15
  epoch  4  train loss 0.6724  val RMSE 73.41  MAE 60.39
  -> val RMSE 70.00  test RMSE 63.71  P=6626  E=4
[trend init decay, d_model 16] seed 1
  epoch  1  train loss 0.8681  val RMSE 71.49  MAE 57.42
  epoch  2  train loss 0.6969  val RMSE 72.14  MAE 58.29
  epoch  3  train loss 0.6720  val RMSE 71.83  MAE 57.78
  epoch  4  train loss 0.6630  val RMSE 71.60  MAE 57.47
  -> val RMSE 71.49  test RMSE 63.64  P=6626  E=4
[trend init decay, d_model 16] seed 2
  epoch  1  train loss 0.8669  val RMSE 71.23  MAE 57.53
  epoch  2  train loss 0.6774  val RMSE 72.72  MAE 59.38
  epoch  3  train loss 0.6456  val RMSE 75.14  MAE 61.78
  epoch  4  train loss 0.6341  val RMSE 74.95  MAE 61.44
  -> val RMSE 71.23  test RMSE 64.43  P=6626  E=4
[trend init decay, d_model 16] seed 3
  epoch  1  train loss 0.8819  val RMSE 73.16  MAE 59.62
  epoch  2  train loss 0.6979  val RMSE 71.92  MAE 58.14
  epoch  3  train loss 0.6727  val RMSE 71.67  MAE 57.67
  epoch  4  train loss 0.6639  val RMSE 71.97  MAE 58.05
  epoch  5  train loss 0.6590  val RMSE 72.14  MAE 58.21
  epoch  6  train loss 0.6583  val RMSE 72.16  MAE 58.23
  -> val RMSE 71.67  test RMSE 62.79  P=6626  E=6
[trend init decay, d_model 16] seed 4
  epoch  1  train loss 0.8404  val RMSE 69.11  MAE 54.86
  epoch  2  train loss 0.6736  val RMSE 69.56  MAE 56.03
  epoch  3  train loss 0.6482  val RMSE 70.21  MAE 56.57
  epoch  4  train loss 0.6383  val RMSE 70.35  MAE 56.73
  -> val RMSE 69.11  test RMSE 59.85  P=6626  E=4
[trend init learned, d_model 16] seed 0
  epoch  1  train loss 0.8617  val RMSE 70.27  MAE 56.70
  epoch  2  train loss 0.7211  val RMSE 71.49  MAE 58.05
  epoch  3  train loss 0.6871  val RMSE 73.21  MAE 60.03
  epoch  4  train loss 0.6771  val RMSE 72.97  MAE 59.75
  -> val RMSE 70.27  test RMSE 63.98  P=6793  E=4
[trend init learned, d_model 16] seed 1
  epoch  1  train loss 0.8690  val RMSE 71.14  MAE 57.08
  epoch  2  train loss 0.6966  val RMSE 71.80  MAE 57.77
  epoch  3  train loss 0.6704  val RMSE 71.82  MAE 57.84
  epoch  4  train loss 0.6611  val RMSE 71.84  MAE 57.79
  -> val RMSE 71.14  test RMSE 64.20  P=6793  E=4
[trend init learned, d_model 16] seed 2
  epoch  1  train loss 0.8663  val RMSE 71.90  MAE 58.39
  epoch  2  train loss 0.6754  val RMSE 73.62  MAE 60.03
  epoch  3  train loss 0.6436  val RMSE 75.52  MAE 62.06
  epoch  4  train loss 0.6335  val RMSE 74.51  MAE 61.01
  -> val RMSE 71.90  test RMSE 65.57  P=6793  E=4
[trend init learned, d_model 16] seed 3
  epoch  1  train loss 0.8822  val RMSE 72.79  MAE 59.20
  epoch  2  train loss 0.7119  val RMSE 71.66  MAE 58.17
  epoch  3  train loss 0.6840  val RMSE 71.19  MAE 57.59
  epoch  4  train loss 0.6710  val RMSE 71.64  MAE 58.14
  epoch  5  train loss 0.6688  val RMSE 71.77  MAE 58.30
  epoch  6  train loss 0.6655  val RMSE 71.69  MAE 58.23
  -> val RMSE 71.19  test RMSE 61.85  P=6793  E=6
[trend init learned, d_model 16] seed 4
  epoch  1  train loss 0.8422  val RMSE 71.16  MAE 57.27
  epoch  2  train loss 0.6824  val RMSE 70.27  MAE 56.55
  epoch  3  train loss 0.6537  val RMSE 70.52  MAE 56.96
  epoch  4  train loss 0.6441  val RMSE 70.18  MAE 56.43
  epoch  5  train loss 0.6390  val RMSE 70.00  MAE 56.36
  epoch  6  train loss 0.6375  val RMSE 70.15  MAE 56.53
  epoch  7  train loss 0.6382  val RMSE 70.16  MAE 56.53
  epoch  8  train loss 0.6354  val RMSE 70.25  MAE 56.65
  -> val RMSE 70.00  test RMSE 59.30  P=6793  E=8
